// Jest Snapshot v1, https://goo.gl/fbAQLP

exports[`<LocationMain /> it renders correctly 1`] = `
<main>
  <LocationData />
  <Connect(ImageResultsContainer) />
</main>
`;
