// Jest Snapshot v1, https://goo.gl/fbAQLP

exports[`<LocationData /> it renders correctly 1`] = `
<div
  className="info-container"
>
  <Connect(SunResultsContainer) />
  <Connect(WeatherResultsContainer) />
</div>
`;
