// Jest Snapshot v1, https://goo.gl/fbAQLP

exports[`<SearchLink /> it renders correctly 1`] = `
<section
  className="link-section"
>
  <h2>
    <SearchLink
      linkTitle="Find Your Light"
    />
  </h2>
</section>
`;
